<h1>Adventcalendar 1.0beta6</h1>
<div>
    <h2>System check</h2>
    <p class="xh_fail">PHP version is at least 5.4.0: failure</p>
    <p class="xh_fail">PHP extension 'gd' is loaded: failure</p>
    <p class="xh_fail">CMSimple_XH version is at least 1.6.3: failure</p>
    <p class="xh_fail">CMSimple_XH plugin 'jquery' is installed: failure</p>
    <p class="xh_warning">'./plugins/adventcalendar/config/' is writable: warning</p>
    <p class="xh_warning">'./plugins/adventcalendar/css/' is writable: warning</p>
    <p class="xh_warning">'./plugins/adventcalendar/languages/' is writable: warning</p>
    <p class="xh_warning">'' is writable: warning</p>
</div>
