<p class="xh_fail">The doors of '2023' cannot be saved!</p>
