<!-- adventcalendar confirmation -->
<section id="adventcalendar_admin">
  <h1>Adventcalendar â€“ Administration</h1>
  <form method="post">
    <input type="hidden" name="xh_csrf_token" value="0ecaa0f044230af99f72073f6a7aa4ab">
    <p><img src="./plugins/adventcalendar/data/2023.jpg"></p>
    <p>
      <button name="adventcalendar_do">Prepare Cover</button>
    </p>
  </form>
</section>
