<p class="xh_fail">The cover of '2023' cannot be saved!</p>
