<p class="xh_fail">The cover of '2023' is not yet prepared!</p>
