<!-- adventcalendar -->
<img src="winter+.jpg" usemap="#adventcalendar" alt="Advent calendar">
<map name="adventcalendar">
	<area class="adventcalendar" shape="rect" coords="0,0,20,20" href="?&amp;print" 
		  alt="Day 1">
	<area class="adventcalendar" shape="rect" coords="30,0,20,20" href="?&amp;print" 
		  alt="Day 2">
	<area class="adventcalendar" shape="rect" coords="60,0,20,20" href="?&amp;print" 
		  alt="Day 3">
</map>
