<div id="adventcalendar_admin" class="plugineditcaption">Adventcalendar</div>
<ul>
    <li>2022.jpg
        <form action="?adventcalendar&admin=plugin_main&action=prepare" method="POST" style="display: inline">
            <input type="hidden" name="xh_csrf_token" value="0ecaa0f044230af99f72073f6a7aa4ab">
            <input type="hidden" name="adventcalendar_name" value="2022">
            <input type="submit" value="Prepare Cover">
        </form>
    </li>
    <li>2023.jpg
        <form action="?adventcalendar&admin=plugin_main&action=prepare" method="POST" style="display: inline">
            <input type="hidden" name="xh_csrf_token" value="0ecaa0f044230af99f72073f6a7aa4ab">
            <input type="hidden" name="adventcalendar_name" value="2023">
            <input type="submit" value="Prepare Cover">
        </form>
    </li>
</ul>
