<p class="xh_fail">The page &quot;winter&quot; does not exist!</p>
