<!-- adventcalendar cover view -->
<section id="adventcalendar_admin">
  <h1>Adventcalendar â€“ Administration</h1>
  <p><img src="./plugins/adventcalendar/data/2023+.jpg"></p>
</section>
