<p class="xh_fail">Could not read './plugins/adventcalendar/data/2023.jpg'!</p>
