<p class="xh_fail">The cover of 'winter' is not yet prepared!</p>
